Traceback (most recent call last):
  File "C:\Users\jonat\miniconda3\envs\CSUSBResearch\Lib\site-packages\jupyter_cache\executors\utils.py", line 58, in single_nb_execution
    executenb(
    ~~~~~~~~~^
        nb,
        ^^^
    ...<4 lines>...
        **kwargs,
        ^^^^^^^^^
    )
    ^
  File "C:\Users\jonat\miniconda3\envs\CSUSBResearch\Lib\site-packages\nbclient\client.py", line 1323, in execute
    return NotebookClient(nb=nb, resources=resources, km=km, **kwargs).execute()
           ~~~~~~~~~~~~~~~~~~~~~~~~~~~~~~~~~~~~~~~~~~~~~~~~~~~~~~~~~~~~~~~~~~~^^
  File "C:\Users\jonat\miniconda3\envs\CSUSBResearch\Lib\site-packages\jupyter_core\utils\__init__.py", line 165, in wrapped
    return loop.run_until_complete(inner)
           ~~~~~~~~~~~~~~~~~~~~~~~^^^^^^^
  File "C:\Users\jonat\miniconda3\envs\CSUSBResearch\Lib\asyncio\base_events.py", line 725, in run_until_complete
    return future.result()
           ~~~~~~~~~~~~~^^
  File "C:\Users\jonat\miniconda3\envs\CSUSBResearch\Lib\site-packages\nbclient\client.py", line 709, in async_execute
    await self.async_execute_cell(
        cell, index, execution_count=self.code_cells_executed + 1
    )
  File "C:\Users\jonat\miniconda3\envs\CSUSBResearch\Lib\site-packages\nbclient\client.py", line 1062, in async_execute_cell
    await self._check_raise_for_error(cell, cell_index, exec_reply)
  File "C:\Users\jonat\miniconda3\envs\CSUSBResearch\Lib\site-packages\nbclient\client.py", line 918, in _check_raise_for_error
    raise CellExecutionError.from_cell_and_msg(cell, exec_reply_content)
nbclient.exceptions.CellExecutionError: An error occurred while executing the following cell:
------------------
from pylab import plt, mpl
import seaborn as sns
sns.set_theme()

mpl.rcParams['font.family'] = 'serif'

def MakePlot(x,y, styles, labels, axlabels):
    plt.figure(figsize=(10,6))
    for i in range(len(x)):
        plt.plot(x[i], y[i], styles[i], label = labels[i])
        plt.xlabel(axlabels[0])
        plt.ylabel(axlabels[1])
    plt.legend(loc=0)
------------------


[31m---------------------------------------------------------------------------[39m
[31mModuleNotFoundError[39m                       Traceback (most recent call last)
[36mCell[39m[36m [39m[32mIn[2][39m[32m, line 2[39m
[32m      1[39m [38;5;28;01mfrom[39;00m[38;5;250m [39m[34;01mpylab[39;00m[38;5;250m [39m[38;5;28;01mimport[39;00m plt, mpl
[32m----> [39m[32m2[39m [38;5;28;01mimport[39;00m[38;5;250m [39m[34;01mseaborn[39;00m[38;5;250m [39m[38;5;28;01mas[39;00m[38;5;250m [39m[34;01msns[39;00m
[32m      3[39m sns.set_theme()
[32m      5[39m mpl.rcParams[[33m'[39m[33mfont.family[39m[33m'[39m] = [33m'[39m[33mserif[39m[33m'[39m

[31mModuleNotFoundError[39m: No module named 'seaborn'

