Traceback (most recent call last):
  File "C:\Users\jonat\miniconda3\envs\CSUSBResearch\Lib\site-packages\jupyter_cache\executors\utils.py", line 58, in single_nb_execution
    executenb(
    ~~~~~~~~~^
        nb,
        ^^^
    ...<4 lines>...
        **kwargs,
        ^^^^^^^^^
    )
    ^
  File "C:\Users\jonat\miniconda3\envs\CSUSBResearch\Lib\site-packages\nbclient\client.py", line 1323, in execute
    return NotebookClient(nb=nb, resources=resources, km=km, **kwargs).execute()
           ~~~~~~~~~~~~~~~~~~~~~~~~~~~~~~~~~~~~~~~~~~~~~~~~~~~~~~~~~~~~~~~~~~~^^
  File "C:\Users\jonat\miniconda3\envs\CSUSBResearch\Lib\site-packages\jupyter_core\utils\__init__.py", line 165, in wrapped
    return loop.run_until_complete(inner)
           ~~~~~~~~~~~~~~~~~~~~~~~^^^^^^^
  File "C:\Users\jonat\miniconda3\envs\CSUSBResearch\Lib\asyncio\base_events.py", line 725, in run_until_complete
    return future.result()
           ~~~~~~~~~~~~~^^
  File "C:\Users\jonat\miniconda3\envs\CSUSBResearch\Lib\site-packages\nbclient\client.py", line 709, in async_execute
    await self.async_execute_cell(
        cell, index, execution_count=self.code_cells_executed + 1
    )
  File "C:\Users\jonat\miniconda3\envs\CSUSBResearch\Lib\site-packages\nbclient\client.py", line 1062, in async_execute_cell
    await self._check_raise_for_error(cell, cell_index, exec_reply)
  File "C:\Users\jonat\miniconda3\envs\CSUSBResearch\Lib\site-packages\nbclient\client.py", line 918, in _check_raise_for_error
    raise CellExecutionError.from_cell_and_msg(cell, exec_reply_content)
nbclient.exceptions.CellExecutionError: An error occurred while executing the following cell:
------------------
#@title SIMULATION ENGINE — Run, but do not edit { display-mode: "form" }
import numpy as np
import matplotlib.pyplot as plt
from scipy.integrate import solve_ivp
import ast

if m <= 0:
    raise ValueError("Mass m must be positive.")
if g < 0 or b < 0 or maximum_time <= 0:
    raise ValueError("Use g >= 0, b >= 0, and maximum_time > 0.")

# Convert the student's force text into a restricted numerical function.
allowed_names = {"t", "x", "y", "vx", "vy", "m", "g", "b"}
def make_force(expression, component_name):
    try:
        tree = ast.parse(expression, mode="eval")
    except Exception as exc:
        raise ValueError(f"Could not read {component_name} = {expression!r}. Check * signs and parentheses.") from exc
    unknown = {node.id for node in ast.walk(tree) if isinstance(node, ast.Name)} - allowed_names
    if unknown:
        raise ValueError(f"Unknown symbol(s) in {component_name}: {unknown}. Use only the symbols in the table.")
    permitted = (ast.Expression, ast.BinOp, ast.UnaryOp, ast.Name, ast.Load,
                 ast.Constant, ast.Add, ast.Sub, ast.Mult, ast.Div, ast.Pow,
                 ast.USub, ast.UAdd)
    if any(not isinstance(node, permitted) for node in ast.walk(tree)):
        raise ValueError(f"{component_name} contains an unsupported operation.")
    compiled = compile(tree, f"<{component_name}>", "eval")
    def evaluate(t, x, y, vx, vy, m, g, b):
        values = {"t": t, "x": x, "y": y, "vx": vx, "vy": vy, "m": m, "g": g, "b": b}
        return eval(compiled, {"__builtins__": {}}, values)
    return evaluate

force_x = make_force(Fx, "Fx")
force_y = make_force(Fy, "Fy")

theta = np.deg2rad(launch_angle_degrees)
state0 = [0.0, initial_height,
          initial_speed*np.cos(theta), initial_speed*np.sin(theta)]

def derivatives(t, state):
    x, y, vx, vy = state
    fx = float(force_x(t, x, y, vx, vy, m, g, b))
    fy = float(force_y(t, x, y, vx, vy, m, g, b))
    return [vx, vy, fx/m, fy/m]

def reaches_ground(t, state):
    # Ignore the launch instant so a ground-level launch does not stop immediately.
    return state[1] if t > 1e-8 else 1.0

reaches_ground.terminal = True
reaches_ground.direction = -1

solution = solve_ivp(derivatives, (0, maximum_time), state0,
                     events=reaches_ground, dense_output=True,
                     rtol=1e-9, atol=1e-11, max_step=0.03)

if len(solution.t_events[0]) > 0:
    flight_time = float(solution.t_events[0][0])
    landing_note = "Ground reached"
else:
    flight_time = maximum_time
    landing_note = "Ground not reached — increase maximum_time"

time = np.linspace(0, flight_time, 500)
x, y, vx, vy = solution.sol(time)
fx = np.array([force_x(T, X, Y, VX, VY, m, g, b) for T, X, Y, VX, VY in zip(time, x, y, vx, vy)], dtype=float)
fy = np.array([force_y(T, X, Y, VX, VY, m, g, b) for T, X, Y, VX, VY in zip(time, x, y, vx, vy)], dtype=float)
if fx.ndim == 0: fx = np.full_like(time, fx)
if fy.ndim == 0: fy = np.full_like(time, fy)

speed = np.hypot(vx, vy)
px, py = m*vx, m*vy
momentum = m*speed
Lz = m*(x*vy - y*vx)               # angular momentum about launch point
tau_z = x*fy - y*fx                 # torque about launch point

print(f"Model: Fx = {Fx}; Fy = {Fy}")
print(f"{landing_note}")
print(f"Flight time:    {flight_time:.3f} s")
print(f"Horizontal range: {x[-1]:.3f} m")
print(f"Maximum height: {np.max(y):.3f} m")
------------------


[31m---------------------------------------------------------------------------[39m
[31mTypeError[39m                                 Traceback (most recent call last)
[36mCell[39m[36m [39m[32mIn[2][39m[32m, line 7[39m
[32m      4[39m [38;5;28;01mfrom[39;00m[38;5;250m [39m[34;01mscipy[39;00m[34;01m.[39;00m[34;01mintegrate[39;00m[38;5;250m [39m[38;5;28;01mimport[39;00m solve_ivp
[32m      5[39m [38;5;28;01mimport[39;00m[38;5;250m [39m[34;01mast[39;00m
[32m----> [39m[32m7[39m [38;5;28;01mif[39;00m [43mm[49m[43m [49m[43m<[49m[43m=[49m[43m [49m[32;43m0[39;49m:
[32m      8[39m     [38;5;28;01mraise[39;00m [38;5;167;01mValueError[39;00m([33m"[39m[33mMass m must be positive.[39m[33m"[39m)
[32m      9[39m [38;5;28;01mif[39;00m g < [32m0[39m [38;5;129;01mor[39;00m b < [32m0[39m [38;5;129;01mor[39;00m maximum_time <= [32m0[39m:

[31mTypeError[39m: '<=' not supported between instances of 'NoneType' and 'int'

